C51 COMPILER V9.54   DELAY                                                                 07/05/2021 23:10:50 PAGE 1   


C51 COMPILER V9.54, COMPILATION OF MODULE DELAY
OBJECT MODULE PLACED IN .\Objects\delay.obj
COMPILER INVOKED BY: C:\Keil_v5\C51\BIN\C51.EXE src\delay.c OPTIMIZE(8,SPEED) BROWSE DEBUG OBJECTEXTEND PRINT(.\Listings
                    -\delay.lst) TABS(2) OBJECT(.\Objects\delay.obj)

line level    source

   1          /************************************************************************************
   2          
   3          程序名称：延时函数(晶振频率12MHz)
   4          功能说明: 延时毫秒与微秒
   5          程序版本：1.0 （2014/06）
   6          
   7          ************************************************************************************/
   8          
   9          #include "stc15f2k60s2.h"     // 单片机STC15F2K60S2头文件,可以不再加入reg51.h
  10          #include <intrins.h>          // 加入此头文件后,可使用_nop_库函数
  11          #include <stdio.h>
  12          
  13          
  14          void Delay1us()   //@11.0592MHz
  15          {
  16   1        _nop_();
  17   1      
  18   1      }
  19          
  20          
  21          
  22          void Delay1ms()   //@11.0592MHz
  23          {
  24   1        unsigned char i, j;
  25   1      
  26   1        i = 11;
  27   1        j = 192;
  28   1        do
  29   1        {
  30   2          while (--j);
  31   2        } while (--i);
  32   1      }
  33          
  34          void DelayMS(int t)
  35          {
  36   1        while(t--)
  37   1        {
  38   2          Delay1ms();
  39   2        }
  40   1      }
  41          
  42          void Delay2US(int t)
  43          { 
  44   1      
  45   1        while(t--)
  46   1        {
  47   2          _nop_();
  48   2          _nop_();
  49   2          _nop_();
  50   2          _nop_();
  51   2        }
  52   1      }
  53          
  54          
C51 COMPILER V9.54   DELAY                                                                 07/05/2021 23:10:50 PAGE 2   

  55          


MODULE INFORMATION:   STATIC OVERLAYABLE
   CODE SIZE        =     48    ----
   CONSTANT SIZE    =   ----    ----
   XDATA SIZE       =   ----    ----
   PDATA SIZE       =   ----    ----
   DATA SIZE        =   ----    ----
   IDATA SIZE       =   ----    ----
   BIT SIZE         =   ----    ----
END OF MODULE INFORMATION.


C51 COMPILATION COMPLETE.  0 WARNING(S),  0 ERROR(S)
