C51 COMPILER V9.54   TIMER                                                                 07/05/2021 23:10:51 PAGE 1   


C51 COMPILER V9.54, COMPILATION OF MODULE TIMER
OBJECT MODULE PLACED IN .\Objects\timer.obj
COMPILER INVOKED BY: C:\Keil_v5\C51\BIN\C51.EXE src\timer.c OPTIMIZE(8,SPEED) BROWSE DEBUG OBJECTEXTEND PRINT(.\Listings
                    -\timer.lst) TABS(2) OBJECT(.\Objects\timer.obj)

line level    source

   1          #include "stc15f2k60s2.h"     // 单片机STC15F2K60S2头文件,可以不再加入reg51.h
   2          #include <intrins.h>          // 加入此头文件后,可使用_nop_库函数
   3          #include <stdio.h>
   4          char time0 = 0;
   5          void Timing_init(){
   6   1        TMOD = 0x01;
   7   1        TH0 = 0xB8;
   8   1        TL0 = 0x00;
   9   1        TR0 = 1;
  10   1        ET0 = 1;
  11   1        TR0 = 1;
  12   1        /*for(;time0 == 4000;){
  13   1          while(!TF0);
  14   1          time0++;
  15   1        }*/
  16   1      }
  17          void et0() interrupt 1{
  18   1        TH0 = 0xB8;
  19   1        TL0 = 0x00;
  20   1        time0++;
  21   1      }


MODULE INFORMATION:   STATIC OVERLAYABLE
   CODE SIZE        =     25    ----
   CONSTANT SIZE    =   ----    ----
   XDATA SIZE       =   ----    ----
   PDATA SIZE       =   ----    ----
   DATA SIZE        =      1    ----
   IDATA SIZE       =   ----    ----
   BIT SIZE         =   ----    ----
END OF MODULE INFORMATION.


C51 COMPILATION COMPLETE.  0 WARNING(S),  0 ERROR(S)
