C51 COMPILER V9.54   IO                                                                    05/14/2021 14:15:25 PAGE 1   


C51 COMPILER V9.54, COMPILATION OF MODULE IO
OBJECT MODULE PLACED IN .\Objects\IO.obj
COMPILER INVOKED BY: C:\Keil_v5\C51\BIN\C51.EXE IO.c OPTIMIZE(8,SPEED) BROWSE DEBUG OBJECTEXTEND PRINT(.\Listings\IO.lst
                    -) TABS(2) OBJECT(.\Objects\IO.obj)

line level    source

   1          #include <reg51.h>
   2          #include <intrins.h>
   3          void main()
   4          {
   5   1        unsigned char i;
   6   1        unsigned int j;
   7   1        SCON=0x00;
   8   1        i=0xFE;
   9   1        for (; ;)
  10   1        {
  11   2          SBUF=i;
  12   2          while (!TI) { ;}
  13   2          TI=0;
  14   2          for (j=0;j<=20000;j++) {_nop_();}
  15   2          i=_crol_(i,1);
  16   2        }
  17   1      }


MODULE INFORMATION:   STATIC OVERLAYABLE
   CODE SIZE        =     39    ----
   CONSTANT SIZE    =   ----    ----
   XDATA SIZE       =   ----    ----
   PDATA SIZE       =   ----    ----
   DATA SIZE        =   ----    ----
   IDATA SIZE       =   ----    ----
   BIT SIZE         =   ----    ----
END OF MODULE INFORMATION.


C51 COMPILATION COMPLETE.  0 WARNING(S),  0 ERROR(S)
