A51 MACRO ASSEMBLER  IO                                                                   05/07/2021 16:31:35 PAGE     1


MACRO ASSEMBLER A51 V8.02c
OBJECT MODULE PLACED IN .\Objects\IO.obj
ASSEMBLER INVOKED BY: C:\Keil_v5\C51\BIN\A51.EXE IO.asm SET(SMALL) DEBUG PRINT(.\Listings\IO.lst) OBJECT(.\Objects\IO.ob
                      j) EP

LOC  OBJ            LINE     SOURCE

0000                   1     ORG 0000H
0000 020100            2     LJMP MAIN
0100                   3     ORG 0100H
0100 758902            4     MAIN:  MOV TMOD,#02H
0103 758C06            5     MOV TH0,#06H
0106 758A06            6     MOV TL0,#06H
0109 D28C              7     SETB TR0
010B 108D02            8     LOOP:  JBC  TF0,NEXT
010E 80FB              9     SJMP LOOP
0110 B290             10     NEXT:  CPL P1.0
0112 80F7             11     SJMP LOOP
0114 80FE             12     SJMP $
                      13     END
A51 MACRO ASSEMBLER  IO                                                                   05/07/2021 16:31:35 PAGE     2

SYMBOL TABLE LISTING
------ ----- -------


N A M E             T Y P E  V A L U E   ATTRIBUTES

LOOP . . . . . . .  C ADDR   010BH   A   
MAIN . . . . . . .  C ADDR   0100H   A   
NEXT . . . . . . .  C ADDR   0110H   A   
P1 . . . . . . . .  D ADDR   0090H   A   
TF0. . . . . . . .  B ADDR   0088H.5 A   
TH0. . . . . . . .  D ADDR   008CH   A   
TL0. . . . . . . .  D ADDR   008AH   A   
TMOD . . . . . . .  D ADDR   0089H   A   
TR0. . . . . . . .  B ADDR   0088H.4 A   


REGISTER BANK(S) USED: 0 


ASSEMBLY COMPLETE.  0 WARNING(S), 0 ERROR(S)
